ubuntu@ip-10-2-10-154:~$ mysql -u admin -h secondary-readreplica.cmjjjuxnabii.us-east-2.rds.amazonaws.com -D udacity -P 3306 -p'12345678'
mysql: [Warning] Using a password on the command line interface can be insecure.
Reading table information for completion of table and column names
You can turn off this feature to get a quicker startup with -A

Welcome to the MySQL monitor.  Commands end with ; or \g.
Your MySQL connection id is 25
Server version: 8.0.32 Source distribution

Copyright (c) 2000, 2023, Oracle and/or its affiliates.

Oracle is a registered trademark of Oracle Corporation and/or its
affiliates. Other names may be trademarks of their respective
owners.

Type 'help;' or '\h' for help. Type '\c' to clear the current input statement.

mysql> show databases;
+--------------------+
| Database           |
+--------------------+
| information_schema |
| mysql              |
| performance_schema |
| sys                |
| udacity            |
+--------------------+
5 rows in set (0.00 sec)

mysql> USE udacity
Database changed

mysql> SELECT * FROM users;
+------+------------+---------------+------+-----------+
| id   | first_name | address       | age  | last_name |
+------+------------+---------------+------+-----------+
|    1 | Bob        | Kansas City   |   20 | Smith     |
|    2 | John       | New York City |   22 | Ravindra  |
|    3 | Jason      | Ohio City     |   24 | Murray    |
|    4 | Keith      | Virginia City |   28 | Oven      |
+------+------------+---------------+------+-----------+
4 rows in set (0.00 sec)

mysql> INSERT INTO udacity.users (id, first_name, address, age, last_name) VALUES (5, 'McCain', 'Virginia City', 40, 'Even');
ERROR 1290 (HY000): The MySQL server is running with the --read-only option so it cannot execute this statement
mysql> INSERT INTO udacity.users (id, first_name, address, age, last_name) VALUES (5, 'McCain', 'Virginia City', 40, 'Even');
ERROR 1290 (HY000): The MySQL server is running with the --read-only option so it cannot execute this statement
